// Jest Snapshot v1, https://goo.gl/fbAQLP

exports[`CardsTable Should match snapshot with data 1`] = `
initialize {
  "0": Object {
    "attribs": Object {
      "class": "cards-table",
    },
    "children": Array [
      Object {
        "attribs": Object {
          "class": "card",
          "style": "opacity:1;cursor:pointer",
        },
        "children": Array [
          Object {
            "attribs": Object {
              "class": "card-side-bottom",
              "src": "./src/imgs/cards/2d.jpg",
            },
            "children": Array [],
            "name": "img",
            "namespace": "http://www.w3.org/1999/xhtml",
            "next": Object {
              "attribs": Object {
                "class": "card-side-top",
                "src": "./src/imgs/cards/back1.jpg",
              },
              "children": Array [],
              "name": "img",
              "namespace": "http://www.w3.org/1999/xhtml",
              "next": null,
              "parent": [Circular],
              "prev": [Circular],
              "type": "tag",
              "x-attribsNamespace": Object {
                "class": undefined,
                "src": undefined,
              },
              "x-attribsPrefix": Object {
                "class": undefined,
                "src": undefined,
              },
            },
            "parent": [Circular],
            "prev": null,
            "type": "tag",
            "x-attribsNamespace": Object {
              "class": undefined,
              "src": undefined,
            },
            "x-attribsPrefix": Object {
              "class": undefined,
              "src": undefined,
            },
          },
          Object {
            "attribs": Object {
              "class": "card-side-top",
              "src": "./src/imgs/cards/back1.jpg",
            },
            "children": Array [],
            "name": "img",
            "namespace": "http://www.w3.org/1999/xhtml",
            "next": null,
            "parent": [Circular],
            "prev": Object {
              "attribs": Object {
                "class": "card-side-bottom",
                "src": "./src/imgs/cards/2d.jpg",
              },
              "children": Array [],
              "name": "img",
              "namespace": "http://www.w3.org/1999/xhtml",
              "next": [Circular],
              "parent": [Circular],
              "prev": null,
              "type": "tag",
              "x-attribsNamespace": Object {
                "class": undefined,
                "src": undefined,
              },
              "x-attribsPrefix": Object {
                "class": undefined,
                "src": undefined,
              },
            },
            "type": "tag",
            "x-attribsNamespace": Object {
              "class": undefined,
              "src": undefined,
            },
            "x-attribsPrefix": Object {
              "class": undefined,
              "src": undefined,
            },
          },
        ],
        "name": "figure",
        "namespace": "http://www.w3.org/1999/xhtml",
        "next": null,
        "parent": [Circular],
        "prev": null,
        "type": "tag",
        "x-attribsNamespace": Object {
          "class": undefined,
          "style": undefined,
        },
        "x-attribsPrefix": Object {
          "class": undefined,
          "style": undefined,
        },
      },
    ],
    "name": "section",
    "namespace": "http://www.w3.org/1999/xhtml",
    "next": null,
    "parent": null,
    "prev": null,
    "root": Object {
      "attribs": Object {},
      "children": Array [
        [Circular],
      ],
      "name": "root",
      "namespace": "http://www.w3.org/1999/xhtml",
      "next": null,
      "parent": null,
      "prev": null,
      "type": "root",
      "x-attribsNamespace": Object {},
      "x-attribsPrefix": Object {},
    },
    "type": "tag",
    "x-attribsNamespace": Object {
      "class": undefined,
    },
    "x-attribsPrefix": Object {
      "class": undefined,
    },
  },
  "_root": [Circular],
  "length": 1,
  "options": Object {
    "decodeEntities": true,
    "normalizeWhitespace": false,
    "withDomLvl1": true,
    "xml": false,
  },
}
`;
